﻿
> @figma/my-make-file@0.0.1 build
> vite build

[36mvite v6.3.5 [32mbuilding for production...[36m[39m
transforming...
[32mтЬУ[39m 2 modules transformed.
node.exe : [31mтЬЧ[39m Build
 failed in 31ms
C:\Program Files\nodejs\npm.ps
1:29 знак:3
+   & $NODE_EXE $NPM_CLI_JS $a
rgs
+   ~~~~~~~~~~~~~~~~~~~~~~~~~~
~~~
    + CategoryInfo          : 
    NotSpecified: ([31mтЬЧ  
  [39m Build failed in 31ms   
 :String) [], RemoteExcept    
ion
    + FullyQualifiedErrorId : 
    NativeCommandError
 
[31merror during build:
[31m[vite]: Rollup failed to 
resolve import "react/jsx-runt
ime" from "C:/Users/Saidmuhamm
adalixon/Desktop/45/src/main.t
sx".
This is most likely unintended
 because it can break your app
lication at runtime.
If you do want to externalize 
this module explicitly add it 
to
`build.rollupOptions.external`
[31m
    at viteLog (file:///C:/Use
rs/Saidmuhammadalixon/Desktop/
45/node_modules/vite/dist/node
/chunks/dep-DBxKXgDP.js:46345:
15)
    at file:///C:/Users/Saidmu
hammadalixon/Desktop/45/node_m
odules/vite/dist/node/chunks/d
ep-DBxKXgDP.js:46403:18
    at onwarn (file:///C:/User
s/Saidmuhammadalixon/Desktop/4
5/node_modules/@vitejs/plugin-
react/dist/index.js:90:7)
    at file:///C:/Users/Saidmu
hammadalixon/Desktop/45/node_m
odules/vite/dist/node/chunks/d
ep-DBxKXgDP.js:46401:7
    at onRollupLog (file:///C:
/Users/Saidmuhammadalixon/Desk
top/45/node_modules/vite/dist/
node/chunks/dep-DBxKXgDP.js:46
393:5)
    at onLog (file:///C:/Users
/Saidmuhammadalixon/Desktop/45
/node_modules/vite/dist/node/c
hunks/dep-DBxKXgDP.js:46043:7)
    at file:///C:/Users/Saidmu
hammadalixon/Desktop/45/node_m
odules/rollup/dist/es/shared/n
ode-entry.js:20958:32
    at Object.logger [as onLog
] (file:///C:/Users/Saidmuhamm
adalixon/Desktop/45/node_modul
es/rollup/dist/es/shared/node-
entry.js:22945:9)
    at ModuleLoader.handleInva
lidResolvedId (file:///C:/User
s/Saidmuhammadalixon/Desktop/4
5/node_modules/rollup/dist/es/
shared/node-entry.js:21689:26)
    at file:///C:/Users/Saidmu
hammadalixon/Desktop/45/node_m
odules/rollup/dist/es/shared/n
ode-entry.js:21647:26[39m
